------------------------------------------------------------
TimeQuest Timing Analyzer Summary
------------------------------------------------------------

Type  : Slow 1100mV 85C Model Setup 'KEY[1]'
Slack : -10.624
TNS   : -613.655

Type  : Slow 1100mV 85C Model Setup 'FSM:Control|state.normal_op'
Slack : -8.853
TNS   : -113.908

Type  : Slow 1100mV 85C Model Setup 'FSM:Control|stage4.s4_Add_416'
Slack : -2.154
TNS   : -2.154

Type  : Slow 1100mV 85C Model Hold 'KEY[1]'
Slack : -7.236
TNS   : -423.901

Type  : Slow 1100mV 85C Model Hold 'FSM:Control|state.normal_op'
Slack : 0.815
TNS   : 0.000

Type  : Slow 1100mV 85C Model Hold 'FSM:Control|stage4.s4_Add_416'
Slack : 1.234
TNS   : 0.000

Type  : Slow 1100mV 85C Model Recovery 'FSM:Control|stage4.s4_Add_416'
Slack : -0.598
TNS   : -0.598

Type  : Slow 1100mV 85C Model Removal 'FSM:Control|stage4.s4_Add_416'
Slack : -0.162
TNS   : -0.162

Type  : Slow 1100mV 85C Model Minimum Pulse Width 'KEY[1]'
Slack : -2.636
TNS   : -214.873

Type  : Slow 1100mV 85C Model Minimum Pulse Width 'FSM:Control|state.normal_op'
Slack : 0.331
TNS   : 0.000

Type  : Slow 1100mV 85C Model Minimum Pulse Width 'FSM:Control|stage4.s4_Add_416'
Slack : 0.433
TNS   : 0.000

Type  : Slow 1100mV 0C Model Setup 'KEY[1]'
Slack : -10.294
TNS   : -591.150

Type  : Slow 1100mV 0C Model Setup 'FSM:Control|state.normal_op'
Slack : -8.776
TNS   : -112.578

Type  : Slow 1100mV 0C Model Setup 'FSM:Control|stage4.s4_Add_416'
Slack : -2.175
TNS   : -2.175

Type  : Slow 1100mV 0C Model Hold 'KEY[1]'
Slack : -7.096
TNS   : -426.327

Type  : Slow 1100mV 0C Model Hold 'FSM:Control|state.normal_op'
Slack : 0.752
TNS   : 0.000

Type  : Slow 1100mV 0C Model Hold 'FSM:Control|stage4.s4_Add_416'
Slack : 1.170
TNS   : 0.000

Type  : Slow 1100mV 0C Model Recovery 'FSM:Control|stage4.s4_Add_416'
Slack : -0.674
TNS   : -0.674

Type  : Slow 1100mV 0C Model Removal 'FSM:Control|stage4.s4_Add_416'
Slack : -0.154
TNS   : -0.154

Type  : Slow 1100mV 0C Model Minimum Pulse Width 'KEY[1]'
Slack : -2.636
TNS   : -209.710

Type  : Slow 1100mV 0C Model Minimum Pulse Width 'FSM:Control|state.normal_op'
Slack : 0.325
TNS   : 0.000

Type  : Slow 1100mV 0C Model Minimum Pulse Width 'FSM:Control|stage4.s4_Add_416'
Slack : 0.420
TNS   : 0.000

Type  : Fast 1100mV 85C Model Setup 'KEY[1]'
Slack : -6.915
TNS   : -375.456

Type  : Fast 1100mV 85C Model Setup 'FSM:Control|state.normal_op'
Slack : -4.593
TNS   : -57.672

Type  : Fast 1100mV 85C Model Setup 'FSM:Control|stage4.s4_Add_416'
Slack : -0.925
TNS   : -0.925

Type  : Fast 1100mV 85C Model Hold 'KEY[1]'
Slack : -4.204
TNS   : -216.161

Type  : Fast 1100mV 85C Model Hold 'FSM:Control|state.normal_op'
Slack : 0.330
TNS   : 0.000

Type  : Fast 1100mV 85C Model Hold 'FSM:Control|stage4.s4_Add_416'
Slack : 0.959
TNS   : 0.000

Type  : Fast 1100mV 85C Model Recovery 'FSM:Control|stage4.s4_Add_416'
Slack : 0.007
TNS   : 0.000

Type  : Fast 1100mV 85C Model Removal 'FSM:Control|stage4.s4_Add_416'
Slack : -0.089
TNS   : -0.089

Type  : Fast 1100mV 85C Model Minimum Pulse Width 'KEY[1]'
Slack : -2.636
TNS   : -170.907

Type  : Fast 1100mV 85C Model Minimum Pulse Width 'FSM:Control|state.normal_op'
Slack : 0.318
TNS   : 0.000

Type  : Fast 1100mV 85C Model Minimum Pulse Width 'FSM:Control|stage4.s4_Add_416'
Slack : 0.477
TNS   : 0.000

Type  : Fast 1100mV 0C Model Setup 'KEY[1]'
Slack : -5.921
TNS   : -315.324

Type  : Fast 1100mV 0C Model Setup 'FSM:Control|state.normal_op'
Slack : -4.418
TNS   : -55.506

Type  : Fast 1100mV 0C Model Setup 'FSM:Control|stage4.s4_Add_416'
Slack : -0.814
TNS   : -0.814

Type  : Fast 1100mV 0C Model Hold 'KEY[1]'
Slack : -4.159
TNS   : -224.700

Type  : Fast 1100mV 0C Model Hold 'FSM:Control|state.normal_op'
Slack : 0.327
TNS   : 0.000

Type  : Fast 1100mV 0C Model Hold 'FSM:Control|stage4.s4_Add_416'
Slack : 0.906
TNS   : 0.000

Type  : Fast 1100mV 0C Model Recovery 'FSM:Control|stage4.s4_Add_416'
Slack : 0.021
TNS   : 0.000

Type  : Fast 1100mV 0C Model Removal 'FSM:Control|stage4.s4_Add_416'
Slack : -0.084
TNS   : -0.084

Type  : Fast 1100mV 0C Model Minimum Pulse Width 'KEY[1]'
Slack : -2.636
TNS   : -168.641

Type  : Fast 1100mV 0C Model Minimum Pulse Width 'FSM:Control|state.normal_op'
Slack : 0.348
TNS   : 0.000

Type  : Fast 1100mV 0C Model Minimum Pulse Width 'FSM:Control|stage4.s4_Add_416'
Slack : 0.480
TNS   : 0.000

------------------------------------------------------------
